---
source: parser/src/tests/error_recovery.rs
expression: "crate::tests::parsing_module_string(r#\"@deprecated(\nschema A:\n    a: \"#)"
---
Module {
    filename: "",
    pkg: "",
    doc: None,
    name: "",
    body: [],
    comments: [],
}
